Daily Automation 修复测试
============================================================
============================================================
路径配置测试
============================================================
打包环境检测 (sys.frozen): False

当前目录: C:\Users\lenovo\AppData\Roaming\CherryStudio\Data\Agents\a6xup6rt2\daily_automation
config.json 存在: True

release目录存在: C:\Users\lenovo\AppData\Roaming\CherryStudio\Data\Agents\a6xup6rt2\daily_automation\release
release/config.json 存在: True

============================================================
模块导入测试
============================================================
[OK] daily_assistant 模块导入成功
CONFIG_DIR: C:\Users\lenovo\AppData\Roaming\CherryStudio\Data\Agents\a6xup6rt2\daily_automation
CONFIG_FILE: C:\Users\lenovo\AppData\Roaming\CherryStudio\Data\Agents\a6xup6rt2\daily_automation\config.json
CONFIG_FILE 存在: True

============================================================
邮件配置测试
============================================================
邮件功能启用: True
SMTP服务器: smtp.qq.com
发件邮箱: yg1114702713@qq.com
[OK] 邮件配置基本正常

============================================================
测试结果汇总
============================================================
路径配置: [OK] 通过
模块导入: [OK] 通过
邮件配置: [OK] 通过

============================================================
[SUCCESS] 所有测试通过！
建议重新打包测试：运行 build.bat 选择选项1
